<html>
<body>
<pre>
<h1>礦ision Build Log</h1>
<h2>Tool Versions:</h2>
IDE-Version: μVision V5.28.0.0
Copyright (C) 2019 ARM Ltd and ARM Germany GmbH. All rights reserved.
License Information: sfsf Deven, sfsfd, LIC=YA330-BG93Q-WEAH7-ER99E-MX3R8-UZUFJ
 
Tool Versions:
Toolchain:       MDK-ARM Plus  Version: 5.28.0.0
Toolchain Path:  F:\keil for arm5\ARM\ARMCC\Bin
C Compiler:      Armcc.exe V5.06 update 6 (build 750)
Assembler:       Armasm.exe V5.06 update 6 (build 750)
Linker/Locator:  ArmLink.exe V5.06 update 6 (build 750)
Library Manager: ArmAr.exe V5.06 update 6 (build 750)
Hex Converter:   FromElf.exe V5.06 update 6 (build 750)
CPU DLL:         SARMCM3.DLL V5.28.0.0
Dialog DLL:      DCM.DLL V1.17.3.0
Target DLL:      CMSIS_AGDI.dll V1.31.18.0
Dialog DLL:      TCM.DLL V1.36.2.0
 
<h2>Project:</h2>
H:\stm32\stm32 743\1-野火开源图书合集（含程序源码）\[野火]《FreeRTOS内核实现与应用开发实战指南》系列\1-书籍配套程序\2-第二部分程序：FreeRTOS内核应用开发\基于STM32H743_Pro_开发板\14-2，SRAM动态创建单任务\Project\RVMDK（uv5）\Fire_FreeRTOS.uvprojx
Project File Date:  08/27/2019

<h2>Output:</h2>
*** Using Compiler 'V5.06 update 6 (build 750)', folder: 'F:\keil for arm5\ARM\ARMCC\Bin'
Rebuild target 'Fire_FreeRTOS'
assembling startup_stm32h743xx.s...
compiling stm32h7xx_hal_comp.c...
compiling stm32h7xx_hal_cortex.c...
compiling stm32h7xx_hal_crc_ex.c...
compiling system_stm32h7xx.c...
compiling stm32h7xx_hal_crc.c...
compiling stm32h7xx_hal_cryp.c...
compiling stm32h7xx_hal_cec.c...
compiling stm32h7xx_hal_adc_ex.c...
compiling stm32h7xx_hal_adc.c...
compiling stm32h7xx_hal.c...
compiling stm32h7xx_hal_cryp_ex.c...
compiling stm32h7xx_hal_dac.c...
compiling stm32h7xx_hal_dac_ex.c...
compiling stm32h7xx_hal_dcmi.c...
compiling stm32h7xx_hal_dfsdm.c...
compiling stm32h7xx_hal_dma2d.c...
compiling stm32h7xx_hal_dma_ex.c...
compiling stm32h7xx_hal_eth.c...
compiling stm32h7xx_hal_eth_ex.c...
compiling stm32h7xx_hal_fdcan.c...
compiling stm32h7xx_hal_dma.c...
compiling stm32h7xx_hal_flash.c...
compiling stm32h7xx_hal_gpio.c...
compiling stm32h7xx_hal_hash.c...
compiling stm32h7xx_hal_hash_ex.c...
compiling stm32h7xx_hal_flash_ex.c...
compiling stm32h7xx_hal_hcd.c...
compiling stm32h7xx_hal_hrtim.c...
compiling stm32h7xx_hal_hsem.c...
compiling stm32h7xx_hal_i2s.c...
compiling stm32h7xx_hal_i2c_ex.c...
compiling stm32h7xx_hal_i2s_ex.c...
compiling stm32h7xx_hal_irda.c...
compiling stm32h7xx_hal_iwdg.c...
compiling stm32h7xx_hal_lptim.c...
compiling stm32h7xx_hal_jpeg.c...
compiling stm32h7xx_hal_ltdc.c...
compiling stm32h7xx_hal_i2c.c...
compiling stm32h7xx_hal_mdios.c...
compiling stm32h7xx_hal_mmc.c...
compiling stm32h7xx_hal_mmc_ex.c...
compiling stm32h7xx_hal_mdma.c...
compiling stm32h7xx_hal_nand.c...
compiling stm32h7xx_hal_nor.c...
compiling stm32h7xx_hal_opamp.c...
compiling stm32h7xx_hal_opamp_ex.c...
compiling stm32h7xx_hal_pcd.c...
compiling stm32h7xx_hal_pcd_ex.c...
compiling stm32h7xx_hal_pwr.c...
compiling stm32h7xx_hal_pwr_ex.c...
compiling stm32h7xx_hal_rng.c...
compiling stm32h7xx_hal_rtc.c...
compiling stm32h7xx_hal_qspi.c...
compiling stm32h7xx_hal_rcc.c...
compiling stm32h7xx_hal_rcc_ex.c...
compiling stm32h7xx_hal_rtc_ex.c...
compiling stm32h7xx_hal_sai.c...
compiling stm32h7xx_hal_sai_ex.c...
compiling stm32h7xx_hal_sd.c...
compiling stm32h7xx_hal_sd_ex.c...
compiling stm32h7xx_hal_sdram.c...
compiling stm32h7xx_hal_smartcard.c...
compiling stm32h7xx_hal_smartcard_ex.c...
compiling stm32h7xx_hal_smbus.c...
compiling stm32h7xx_hal_spi.c...
compiling stm32h7xx_hal_spdifrx.c...
compiling stm32h7xx_hal_swpmi.c...
compiling stm32h7xx_hal_sram.c...
compiling stm32h7xx_hal_spi_ex.c...
compiling stm32h7xx_hal_tim_ex.c...
compiling stm32h7xx_hal_tim.c...
compiling stm32h7xx_hal_uart_ex.c...
compiling stm32h7xx_hal_uart.c...
compiling stm32h7xx_hal_wwdg.c...
compiling main.c...
compiling stm32h7xx_it.c...
compiling bsp_led.c...
compiling stm32h7xx_hal_usart.c...
compiling bsp_debug_usart.c...
compiling core_delay.c...
compiling bsp_key.c...
compiling croutine.c...
compiling event_groups.c...
compiling list.c...
compiling queue.c...
compiling tasks.c...
compiling timers.c...
compiling heap_4.c...
compiling port.c...
linking...
Program Size: Code=13472 RO-data=736 RW-data=116 ZI-data=38756  
FromELF: creating hex file...
"..\..\Output\Fire_FreeRTOS.axf" - 0 Error(s), 0 Warning(s).

<h2>Software Packages used:</h2>

Package Vendor: Keil
                https://www.keil.com/pack/Keil.STM32H7xx_DFP.2.3.0.pack
                Keil.STM32H7xx_DFP.2.3.0
                STMicroelectronics STM32H7 Series Device Support and Examples

<h2>Collection of Component include folders:</h2>
  .\RTE\_Fire_FreeRTOS
  F:\keil for arm5\Keil\STM32H7xx_DFP\2.3.0\Drivers\CMSIS\Device\ST\STM32H7xx\Include

<h2>Collection of Component Files used:</h2>
Build Time Elapsed:  00:00:07
</pre>
</body>
</html>
